

================================================================
== Synthesis Summary Report of 'inverter'
================================================================
+ General Information: 
    * Date:           Fri Nov  3 02:03:10 2023
    * Version:        2020.2 (Build 3064766 on Wed Nov 18 09:12:47 MST 2020)
    * Project:        Inverter
    * Solution:       solution1 (Vivado IP Flow Target)
    * Product family: zynquplus
    * Target device:  xczu3eg-sbva484-1-e
    

+ Performance & Resource Estimates: 
    
    PS: '+' for module; 'o' for loop; '*' for dataflow
    +--------------------+------+-------+---------+-----------+----------+---------+--------+----------+------+----+----------+-----------+-----+
    |       Modules      | Issue|       | Latency |  Latency  | Iteration|         |  Trip  |          |      |    |          |           |     |
    |       & Loops      | Type | Slack | (cycles)|    (ns)   |  Latency | Interval|  Count | Pipelined| BRAM | DSP|    FF    |    LUT    | URAM|
    +--------------------+------+-------+---------+-----------+----------+---------+--------+----------+------+----+----------+-----------+-----+
    |+ inverter          |     -|  -3.39|   307202|  3.072e+06|         -|   307203|       -|        no|     -|   -|  80 (~0%)|  175 (~0%)|    -|
    | o VITIS_LOOP_14_1  |     -|  -7.30|   307200|  3.072e+06|         2|        1|  307200|       yes|     -|   -|         -|          -|    -|
    +--------------------+------+-------+---------+-----------+----------+---------+--------+----------+------+----+----------+-----------+-----+

