

================================================================
== Vitis HLS Report for 'inverter'
================================================================
* Date:           Thu Nov  2 08:56:33 2023

* Version:        2020.2 (Build 3064766 on Wed Nov 18 09:12:47 MST 2020)
* Project:        Inverter
* Solution:       solution1 (Vivado IP Flow Target)
* Product family: zynquplus
* Target device:  xczu3eg-sbva484-1-e


================================================================
== Performance Estimates
================================================================
+ Timing: 
    * Summary: 
    +--------+----------+----------+------------+
    |  Clock |  Target  | Estimated| Uncertainty|
    +--------+----------+----------+------------+
    |ap_clk  |  10.00 ns|  3.093 ns|     2.70 ns|
    +--------+----------+----------+------------+

+ Latency: 
    * Summary: 
    +---------+---------+----------+----------+--------+--------+---------+
    |  Latency (cycles) |  Latency (absolute) |     Interval    | Pipeline|
    |   min   |   max   |    min   |    max   |   min  |   max  |   Type  |
    +---------+---------+----------+----------+--------+--------+---------+
    |   307815|   307815|  3.078 ms|  3.078 ms|  307816|  307816|     none|
    +---------+---------+----------+----------+--------+--------+---------+

    + Detail: 
        * Instance: 
        N/A

        * Loop: 
        +-------------------+---------+---------+----------+-----------+-----------+------+----------+
        |                   |  Latency (cycles) | Iteration|  Initiation Interval  | Trip |          |
        |     Loop Name     |   min   |   max   |  Latency |  achieved |   target  | Count| Pipelined|
        +-------------------+---------+---------+----------+-----------+-----------+------+----------+
        |- VITIS_LOOP_12_1  |   307814|   307814|       501|          -|          -|   614|        no|
        +-------------------+---------+---------+----------+-----------+-----------+------+----------+



================================================================
== Utilization Estimates
================================================================
* Summary: 
+-----------------+---------+-----+--------+-------+-----+
|       Name      | BRAM_18K| DSP |   FF   |  LUT  | URAM|
+-----------------+---------+-----+--------+-------+-----+
|DSP              |        -|    -|       -|      -|    -|
|Expression       |        -|    -|       0|  13001|    -|
|FIFO             |        -|    -|       -|      -|    -|
|Instance         |      512|    -|     196|    180|    -|
|Memory           |        -|    -|       -|      -|    -|
|Multiplexer      |        -|    -|       -|   7925|    -|
|Register         |        -|    -|   10036|      -|    -|
+-----------------+---------+-----+--------+-------+-----+
|Total            |      512|    0|   10232|  21106|    0|
+-----------------+---------+-----+--------+-------+-----+
|Available        |      432|  360|  141120|  70560|    0|
+-----------------+---------+-----+--------+-------+-----+
|Utilization (%)  |      118|    0|       7|     29|    0|
+-----------------+---------+-----+--------+-------+-----+

+ Detail: 
    * Instance: 
    +-----------------+---------------+---------+----+-----+-----+-----+
    |     Instance    |     Module    | BRAM_18K| DSP|  FF | LUT | URAM|
    +-----------------+---------------+---------+----+-----+-----+-----+
    |AXI_CPU_s_axi_U  |AXI_CPU_s_axi  |      512|   0|  196|  180|    0|
    +-----------------+---------------+---------+----+-----+-----+-----+
    |Total            |               |      512|   0|  196|  180|    0|
    +-----------------+---------------+---------+----+-----+-----+-----+

    * DSP: 
    N/A

    * Memory: 
    N/A

    * FIFO: 
    N/A

    * Expression: 
    +--------------------------+----------+----+---+-----+------------+------------+
    |       Variable Name      | Operation| DSP| FF| LUT | Bitwidth P0| Bitwidth P1|
    +--------------------------+----------+----+---+-----+------------+------------+
    |add_ln12_100_fu_10223_p2  |         +|   0|  0|   26|          19|           7|
    |add_ln12_101_fu_10234_p2  |         +|   0|  0|   26|          19|           7|
    |add_ln12_102_fu_10245_p2  |         +|   0|  0|   26|          19|           7|
    |add_ln12_103_fu_10256_p2  |         +|   0|  0|   26|          19|           7|
    |add_ln12_104_fu_10267_p2  |         +|   0|  0|   26|          19|           7|
    |add_ln12_105_fu_10278_p2  |         +|   0|  0|   26|          19|           7|
    |add_ln12_106_fu_10289_p2  |         +|   0|  0|   26|          19|           7|
    |add_ln12_107_fu_10300_p2  |         +|   0|  0|   26|          19|           7|
    |add_ln12_108_fu_10311_p2  |         +|   0|  0|   26|          19|           7|
    |add_ln12_109_fu_10322_p2  |         +|   0|  0|   26|          19|           7|
    |add_ln12_10_fu_9233_p2    |         +|   0|  0|   26|          19|           4|
    |add_ln12_110_fu_10333_p2  |         +|   0|  0|   26|          19|           7|
    |add_ln12_111_fu_10344_p2  |         +|   0|  0|   26|          19|           7|
    |add_ln12_112_fu_10355_p2  |         +|   0|  0|   26|          19|           7|
    |add_ln12_113_fu_10366_p2  |         +|   0|  0|   26|          19|           7|
    |add_ln12_114_fu_10377_p2  |         +|   0|  0|   26|          19|           7|
    |add_ln12_115_fu_10388_p2  |         +|   0|  0|   26|          19|           7|
    |add_ln12_116_fu_10399_p2  |         +|   0|  0|   26|          19|           7|
    |add_ln12_117_fu_10410_p2  |         +|   0|  0|   26|          19|           7|
    |add_ln12_118_fu_10421_p2  |         +|   0|  0|   26|          19|           7|
    |add_ln12_119_fu_10432_p2  |         +|   0|  0|   26|          19|           7|
    |add_ln12_11_fu_9244_p2    |         +|   0|  0|   26|          19|           4|
    |add_ln12_120_fu_10443_p2  |         +|   0|  0|   26|          19|           7|
    |add_ln12_121_fu_10454_p2  |         +|   0|  0|   26|          19|           7|
    |add_ln12_122_fu_10465_p2  |         +|   0|  0|   26|          19|           7|
    |add_ln12_123_fu_10476_p2  |         +|   0|  0|   26|          19|           7|
    |add_ln12_124_fu_10487_p2  |         +|   0|  0|   26|          19|           8|
    |add_ln12_125_fu_10498_p2  |         +|   0|  0|   26|          19|           8|
    |add_ln12_126_fu_10509_p2  |         +|   0|  0|   26|          19|           8|
    |add_ln12_127_fu_10520_p2  |         +|   0|  0|   26|          19|           8|
    |add_ln12_128_fu_10531_p2  |         +|   0|  0|   26|          19|           8|
    |add_ln12_129_fu_10542_p2  |         +|   0|  0|   26|          19|           8|
    |add_ln12_12_fu_9255_p2    |         +|   0|  0|   26|          19|           5|
    |add_ln12_130_fu_10553_p2  |         +|   0|  0|   26|          19|           8|
    |add_ln12_131_fu_10564_p2  |         +|   0|  0|   26|          19|           8|
    |add_ln12_132_fu_10575_p2  |         +|   0|  0|   26|          19|           8|
    |add_ln12_133_fu_10586_p2  |         +|   0|  0|   26|          19|           8|
    |add_ln12_134_fu_10597_p2  |         +|   0|  0|   26|          19|           8|
    |add_ln12_135_fu_10608_p2  |         +|   0|  0|   26|          19|           8|
    |add_ln12_136_fu_10619_p2  |         +|   0|  0|   26|          19|           8|
    |add_ln12_137_fu_10630_p2  |         +|   0|  0|   26|          19|           8|
    |add_ln12_138_fu_10641_p2  |         +|   0|  0|   26|          19|           8|
    |add_ln12_139_fu_10652_p2  |         +|   0|  0|   26|          19|           8|
    |add_ln12_13_fu_9266_p2    |         +|   0|  0|   26|          19|           5|
    |add_ln12_140_fu_10663_p2  |         +|   0|  0|   26|          19|           8|
    |add_ln12_141_fu_10674_p2  |         +|   0|  0|   26|          19|           8|
    |add_ln12_142_fu_10685_p2  |         +|   0|  0|   26|          19|           8|
    |add_ln12_143_fu_10696_p2  |         +|   0|  0|   26|          19|           8|
    |add_ln12_144_fu_10707_p2  |         +|   0|  0|   26|          19|           8|
    |add_ln12_145_fu_10718_p2  |         +|   0|  0|   26|          19|           8|
    |add_ln12_146_fu_10729_p2  |         +|   0|  0|   26|          19|           8|
    |add_ln12_147_fu_10740_p2  |         +|   0|  0|   26|          19|           8|
    |add_ln12_148_fu_10751_p2  |         +|   0|  0|   26|          19|           8|
    |add_ln12_149_fu_10762_p2  |         +|   0|  0|   26|          19|           8|
    |add_ln12_14_fu_9277_p2    |         +|   0|  0|   26|          19|           5|
    |add_ln12_150_fu_10773_p2  |         +|   0|  0|   26|          19|           8|
    |add_ln12_151_fu_10784_p2  |         +|   0|  0|   26|          19|           8|
    |add_ln12_152_fu_10795_p2  |         +|   0|  0|   26|          19|           8|
    |add_ln12_153_fu_10806_p2  |         +|   0|  0|   26|          19|           8|
    |add_ln12_154_fu_10817_p2  |         +|   0|  0|   26|          19|           8|
    |add_ln12_155_fu_10828_p2  |         +|   0|  0|   26|          19|           8|
    |add_ln12_156_fu_10839_p2  |         +|   0|  0|   26|          19|           8|
    |add_ln12_157_fu_10850_p2  |         +|   0|  0|   26|          19|           8|
    |add_ln12_158_fu_10861_p2  |         +|   0|  0|   26|          19|           8|
    |add_ln12_159_fu_10872_p2  |         +|   0|  0|   26|          19|           8|
    |add_ln12_15_fu_9288_p2    |         +|   0|  0|   26|          19|           5|
    |add_ln12_160_fu_10883_p2  |         +|   0|  0|   26|          19|           8|
    |add_ln12_161_fu_10894_p2  |         +|   0|  0|   26|          19|           8|
    |add_ln12_162_fu_10905_p2  |         +|   0|  0|   26|          19|           8|
    |add_ln12_163_fu_10916_p2  |         +|   0|  0|   26|          19|           8|
    |add_ln12_164_fu_10927_p2  |         +|   0|  0|   26|          19|           8|
    |add_ln12_165_fu_10938_p2  |         +|   0|  0|   26|          19|           8|
    |add_ln12_166_fu_10949_p2  |         +|   0|  0|   26|          19|           8|
    |add_ln12_167_fu_10960_p2  |         +|   0|  0|   26|          19|           8|
    |add_ln12_168_fu_10971_p2  |         +|   0|  0|   26|          19|           8|
    |add_ln12_169_fu_10982_p2  |         +|   0|  0|   26|          19|           8|
    |add_ln12_16_fu_9299_p2    |         +|   0|  0|   26|          19|           5|
    |add_ln12_170_fu_10993_p2  |         +|   0|  0|   26|          19|           8|
    |add_ln12_171_fu_11004_p2  |         +|   0|  0|   26|          19|           8|
    |add_ln12_172_fu_11015_p2  |         +|   0|  0|   26|          19|           8|
    |add_ln12_173_fu_11026_p2  |         +|   0|  0|   26|          19|           8|
    |add_ln12_174_fu_11037_p2  |         +|   0|  0|   26|          19|           8|
    |add_ln12_175_fu_11048_p2  |         +|   0|  0|   26|          19|           8|
    |add_ln12_176_fu_11059_p2  |         +|   0|  0|   26|          19|           8|
    |add_ln12_177_fu_11070_p2  |         +|   0|  0|   26|          19|           8|
    |add_ln12_178_fu_11081_p2  |         +|   0|  0|   26|          19|           8|
    |add_ln12_179_fu_11092_p2  |         +|   0|  0|   26|          19|           8|
    |add_ln12_17_fu_9310_p2    |         +|   0|  0|   26|          19|           5|
    |add_ln12_180_fu_11103_p2  |         +|   0|  0|   26|          19|           8|
    |add_ln12_181_fu_11114_p2  |         +|   0|  0|   26|          19|           8|
    |add_ln12_182_fu_11125_p2  |         +|   0|  0|   26|          19|           8|
    |add_ln12_183_fu_11136_p2  |         +|   0|  0|   26|          19|           8|
    |add_ln12_184_fu_11147_p2  |         +|   0|  0|   26|          19|           8|
    |add_ln12_185_fu_11158_p2  |         +|   0|  0|   26|          19|           8|
    |add_ln12_186_fu_11169_p2  |         +|   0|  0|   26|          19|           8|
    |add_ln12_187_fu_11180_p2  |         +|   0|  0|   26|          19|           8|
    |add_ln12_188_fu_11191_p2  |         +|   0|  0|   26|          19|           8|
    |add_ln12_189_fu_11202_p2  |         +|   0|  0|   26|          19|           8|
    |add_ln12_18_fu_9321_p2    |         +|   0|  0|   26|          19|           5|
    |add_ln12_190_fu_11213_p2  |         +|   0|  0|   26|          19|           8|
    |add_ln12_191_fu_11224_p2  |         +|   0|  0|   26|          19|           8|
    |add_ln12_192_fu_11235_p2  |         +|   0|  0|   26|          19|           8|
    |add_ln12_193_fu_11246_p2  |         +|   0|  0|   26|          19|           8|
    |add_ln12_194_fu_11257_p2  |         +|   0|  0|   26|          19|           8|
    |add_ln12_195_fu_11268_p2  |         +|   0|  0|   26|          19|           8|
    |add_ln12_196_fu_11279_p2  |         +|   0|  0|   26|          19|           8|
    |add_ln12_197_fu_11302_p2  |         +|   0|  0|   26|          19|           8|
    |add_ln12_198_fu_11313_p2  |         +|   0|  0|   26|          19|           8|
    |add_ln12_199_fu_11324_p2  |         +|   0|  0|   26|          19|           8|
    |add_ln12_19_fu_9332_p2    |         +|   0|  0|   26|          19|           5|
    |add_ln12_1_fu_9134_p2     |         +|   0|  0|   26|          19|           3|
    |add_ln12_200_fu_11335_p2  |         +|   0|  0|   26|          19|           8|
    |add_ln12_201_fu_11346_p2  |         +|   0|  0|   26|          19|           8|
    |add_ln12_202_fu_11357_p2  |         +|   0|  0|   26|          19|           8|
    |add_ln12_203_fu_11368_p2  |         +|   0|  0|   26|          19|           8|
    |add_ln12_204_fu_11379_p2  |         +|   0|  0|   26|          19|           8|
    |add_ln12_205_fu_11390_p2  |         +|   0|  0|   26|          19|           8|
    |add_ln12_206_fu_11401_p2  |         +|   0|  0|   26|          19|           8|
    |add_ln12_207_fu_11412_p2  |         +|   0|  0|   26|          19|           8|
    |add_ln12_208_fu_11423_p2  |         +|   0|  0|   26|          19|           8|
    |add_ln12_209_fu_11434_p2  |         +|   0|  0|   26|          19|           8|
    |add_ln12_20_fu_9343_p2    |         +|   0|  0|   26|          19|           5|
    |add_ln12_210_fu_11445_p2  |         +|   0|  0|   26|          19|           8|
    |add_ln12_211_fu_11456_p2  |         +|   0|  0|   26|          19|           8|
    |add_ln12_212_fu_11467_p2  |         +|   0|  0|   26|          19|           8|
    |add_ln12_213_fu_11478_p2  |         +|   0|  0|   26|          19|           8|
    |add_ln12_214_fu_11489_p2  |         +|   0|  0|   26|          19|           8|
    |add_ln12_215_fu_11500_p2  |         +|   0|  0|   26|          19|           8|
    |add_ln12_216_fu_11511_p2  |         +|   0|  0|   26|          19|           8|
    |add_ln12_217_fu_11522_p2  |         +|   0|  0|   26|          19|           8|
    |add_ln12_218_fu_11533_p2  |         +|   0|  0|   26|          19|           8|
    |add_ln12_219_fu_11544_p2  |         +|   0|  0|   26|          19|           8|
    |add_ln12_21_fu_9354_p2    |         +|   0|  0|   26|          19|           5|
    |add_ln12_220_fu_11555_p2  |         +|   0|  0|   26|          19|           8|
    |add_ln12_221_fu_11566_p2  |         +|   0|  0|   26|          19|           8|
    |add_ln12_222_fu_11577_p2  |         +|   0|  0|   26|          19|           8|
    |add_ln12_223_fu_11588_p2  |         +|   0|  0|   26|          19|           8|
    |add_ln12_224_fu_11599_p2  |         +|   0|  0|   26|          19|           8|
    |add_ln12_225_fu_11610_p2  |         +|   0|  0|   26|          19|           8|
    |add_ln12_226_fu_11621_p2  |         +|   0|  0|   26|          19|           8|
    |add_ln12_227_fu_11632_p2  |         +|   0|  0|   26|          19|           8|
    |add_ln12_228_fu_11643_p2  |         +|   0|  0|   26|          19|           8|
    |add_ln12_229_fu_11654_p2  |         +|   0|  0|   26|          19|           8|
    |add_ln12_22_fu_9365_p2    |         +|   0|  0|   26|          19|           5|
    |add_ln12_230_fu_11665_p2  |         +|   0|  0|   26|          19|           8|
    |add_ln12_231_fu_11676_p2  |         +|   0|  0|   26|          19|           8|
    |add_ln12_232_fu_11687_p2  |         +|   0|  0|   26|          19|           8|
    |add_ln12_233_fu_11698_p2  |         +|   0|  0|   26|          19|           8|
    |add_ln12_234_fu_11709_p2  |         +|   0|  0|   26|          19|           8|
    |add_ln12_235_fu_11720_p2  |         +|   0|  0|   26|          19|           8|
    |add_ln12_236_fu_11731_p2  |         +|   0|  0|   26|          19|           8|
    |add_ln12_237_fu_11742_p2  |         +|   0|  0|   26|          19|           8|
    |add_ln12_238_fu_11753_p2  |         +|   0|  0|   26|          19|           8|
    |add_ln12_239_fu_11764_p2  |         +|   0|  0|   26|          19|           8|
    |add_ln12_23_fu_9376_p2    |         +|   0|  0|   26|          19|           5|
    |add_ln12_240_fu_11775_p2  |         +|   0|  0|   26|          19|           8|
    |add_ln12_241_fu_11786_p2  |         +|   0|  0|   26|          19|           8|
    |add_ln12_242_fu_11797_p2  |         +|   0|  0|   26|          19|           8|
    |add_ln12_243_fu_11808_p2  |         +|   0|  0|   26|          19|           8|
    |add_ln12_244_fu_11819_p2  |         +|   0|  0|   26|          19|           8|
    |add_ln12_245_fu_11830_p2  |         +|   0|  0|   26|          19|           8|
    |add_ln12_246_fu_11841_p2  |         +|   0|  0|   26|          19|           8|
    |add_ln12_247_fu_11852_p2  |         +|   0|  0|   26|          19|           8|
    |add_ln12_248_fu_11863_p2  |         +|   0|  0|   26|          19|           8|
    |add_ln12_249_fu_11874_p2  |         +|   0|  0|   26|          19|           8|
    |add_ln12_24_fu_9387_p2    |         +|   0|  0|   26|          19|           5|
    |add_ln12_250_fu_11885_p2  |         +|   0|  0|   26|          19|           8|
    |add_ln12_251_fu_11896_p2  |         +|   0|  0|   26|          19|           8|
    |add_ln12_252_fu_11907_p2  |         +|   0|  0|   26|          19|           9|
    |add_ln12_253_fu_11918_p2  |         +|   0|  0|   26|          19|           9|
    |add_ln12_254_fu_11929_p2  |         +|   0|  0|   26|          19|           9|
    |add_ln12_255_fu_11940_p2  |         +|   0|  0|   26|          19|           9|
    |add_ln12_256_fu_11951_p2  |         +|   0|  0|   26|          19|           9|
    |add_ln12_257_fu_11962_p2  |         +|   0|  0|   26|          19|           9|
    |add_ln12_258_fu_11973_p2  |         +|   0|  0|   26|          19|           9|
    |add_ln12_259_fu_11984_p2  |         +|   0|  0|   26|          19|           9|
    |add_ln12_25_fu_9398_p2    |         +|   0|  0|   26|          19|           5|
    |add_ln12_260_fu_11995_p2  |         +|   0|  0|   26|          19|           9|
    |add_ln12_261_fu_12006_p2  |         +|   0|  0|   26|          19|           9|
    |add_ln12_262_fu_12017_p2  |         +|   0|  0|   26|          19|           9|
    |add_ln12_263_fu_12028_p2  |         +|   0|  0|   26|          19|           9|
    |add_ln12_264_fu_12039_p2  |         +|   0|  0|   26|          19|           9|
    |add_ln12_265_fu_12050_p2  |         +|   0|  0|   26|          19|           9|
    |add_ln12_266_fu_12061_p2  |         +|   0|  0|   26|          19|           9|
    |add_ln12_267_fu_12072_p2  |         +|   0|  0|   26|          19|           9|
    |add_ln12_268_fu_12083_p2  |         +|   0|  0|   26|          19|           9|
    |add_ln12_269_fu_12094_p2  |         +|   0|  0|   26|          19|           9|
    |add_ln12_26_fu_9409_p2    |         +|   0|  0|   26|          19|           5|
    |add_ln12_270_fu_12105_p2  |         +|   0|  0|   26|          19|           9|
    |add_ln12_271_fu_12116_p2  |         +|   0|  0|   26|          19|           9|
    |add_ln12_272_fu_12127_p2  |         +|   0|  0|   26|          19|           9|
    |add_ln12_273_fu_12138_p2  |         +|   0|  0|   26|          19|           9|
    |add_ln12_274_fu_12149_p2  |         +|   0|  0|   26|          19|           9|
    |add_ln12_275_fu_12160_p2  |         +|   0|  0|   26|          19|           9|
    |add_ln12_276_fu_12171_p2  |         +|   0|  0|   26|          19|           9|
    |add_ln12_277_fu_12182_p2  |         +|   0|  0|   26|          19|           9|
    |add_ln12_278_fu_12193_p2  |         +|   0|  0|   26|          19|           9|
    |add_ln12_279_fu_12204_p2  |         +|   0|  0|   26|          19|           9|
    |add_ln12_27_fu_9420_p2    |         +|   0|  0|   26|          19|           5|
    |add_ln12_280_fu_12215_p2  |         +|   0|  0|   26|          19|           9|
    |add_ln12_281_fu_12226_p2  |         +|   0|  0|   26|          19|           9|
    |add_ln12_282_fu_12237_p2  |         +|   0|  0|   26|          19|           9|
    |add_ln12_283_fu_12248_p2  |         +|   0|  0|   26|          19|           9|
    |add_ln12_284_fu_12259_p2  |         +|   0|  0|   26|          19|           9|
    |add_ln12_285_fu_12270_p2  |         +|   0|  0|   26|          19|           9|
    |add_ln12_286_fu_12281_p2  |         +|   0|  0|   26|          19|           9|
    |add_ln12_287_fu_12292_p2  |         +|   0|  0|   26|          19|           9|
    |add_ln12_288_fu_12303_p2  |         +|   0|  0|   26|          19|           9|
    |add_ln12_289_fu_12314_p2  |         +|   0|  0|   26|          19|           9|
    |add_ln12_28_fu_9431_p2    |         +|   0|  0|   26|          19|           6|
    |add_ln12_290_fu_12325_p2  |         +|   0|  0|   26|          19|           9|
    |add_ln12_291_fu_12336_p2  |         +|   0|  0|   26|          19|           9|
    |add_ln12_292_fu_12347_p2  |         +|   0|  0|   26|          19|           9|
    |add_ln12_293_fu_12358_p2  |         +|   0|  0|   26|          19|           9|
    |add_ln12_294_fu_12369_p2  |         +|   0|  0|   26|          19|           9|
    |add_ln12_295_fu_12380_p2  |         +|   0|  0|   26|          19|           9|
    |add_ln12_296_fu_12391_p2  |         +|   0|  0|   26|          19|           9|
    |add_ln12_297_fu_12402_p2  |         +|   0|  0|   26|          19|           9|
    |add_ln12_298_fu_12413_p2  |         +|   0|  0|   26|          19|           9|
    |add_ln12_299_fu_12424_p2  |         +|   0|  0|   26|          19|           9|
    |add_ln12_29_fu_9442_p2    |         +|   0|  0|   26|          19|           6|
    |add_ln12_2_fu_9145_p2     |         +|   0|  0|   26|          19|           3|
    |add_ln12_300_fu_12435_p2  |         +|   0|  0|   26|          19|           9|
    |add_ln12_301_fu_12446_p2  |         +|   0|  0|   26|          19|           9|
    |add_ln12_302_fu_12457_p2  |         +|   0|  0|   26|          19|           9|
    |add_ln12_303_fu_12468_p2  |         +|   0|  0|   26|          19|           9|
    |add_ln12_304_fu_12479_p2  |         +|   0|  0|   26|          19|           9|
    |add_ln12_305_fu_12490_p2  |         +|   0|  0|   26|          19|           9|
    |add_ln12_306_fu_12501_p2  |         +|   0|  0|   26|          19|           9|
    |add_ln12_307_fu_12512_p2  |         +|   0|  0|   26|          19|           9|
    |add_ln12_308_fu_12523_p2  |         +|   0|  0|   26|          19|           9|
    |add_ln12_309_fu_12534_p2  |         +|   0|  0|   26|          19|           9|
    |add_ln12_30_fu_9453_p2    |         +|   0|  0|   26|          19|           6|
    |add_ln12_310_fu_12545_p2  |         +|   0|  0|   26|          19|           9|
    |add_ln12_311_fu_12556_p2  |         +|   0|  0|   26|          19|           9|
    |add_ln12_312_fu_12567_p2  |         +|   0|  0|   26|          19|           9|
    |add_ln12_313_fu_12578_p2  |         +|   0|  0|   26|          19|           9|
    |add_ln12_314_fu_12589_p2  |         +|   0|  0|   26|          19|           9|
    |add_ln12_315_fu_12600_p2  |         +|   0|  0|   26|          19|           9|
    |add_ln12_316_fu_12611_p2  |         +|   0|  0|   26|          19|           9|
    |add_ln12_317_fu_12622_p2  |         +|   0|  0|   26|          19|           9|
    |add_ln12_318_fu_12633_p2  |         +|   0|  0|   26|          19|           9|
    |add_ln12_319_fu_12644_p2  |         +|   0|  0|   26|          19|           9|
    |add_ln12_31_fu_9464_p2    |         +|   0|  0|   26|          19|           6|
    |add_ln12_320_fu_12655_p2  |         +|   0|  0|   26|          19|           9|
    |add_ln12_321_fu_12666_p2  |         +|   0|  0|   26|          19|           9|
    |add_ln12_322_fu_12677_p2  |         +|   0|  0|   26|          19|           9|
    |add_ln12_323_fu_12688_p2  |         +|   0|  0|   26|          19|           9|
    |add_ln12_324_fu_12699_p2  |         +|   0|  0|   26|          19|           9|
    |add_ln12_325_fu_12710_p2  |         +|   0|  0|   26|          19|           9|
    |add_ln12_326_fu_12721_p2  |         +|   0|  0|   26|          19|           9|
    |add_ln12_327_fu_12732_p2  |         +|   0|  0|   26|          19|           9|
    |add_ln12_328_fu_12743_p2  |         +|   0|  0|   26|          19|           9|
    |add_ln12_329_fu_12754_p2  |         +|   0|  0|   26|          19|           9|
    |add_ln12_32_fu_9475_p2    |         +|   0|  0|   26|          19|           6|
    |add_ln12_330_fu_12765_p2  |         +|   0|  0|   26|          19|           9|
    |add_ln12_331_fu_12776_p2  |         +|   0|  0|   26|          19|           9|
    |add_ln12_332_fu_12787_p2  |         +|   0|  0|   26|          19|           9|
    |add_ln12_333_fu_12798_p2  |         +|   0|  0|   26|          19|           9|
    |add_ln12_334_fu_12809_p2  |         +|   0|  0|   26|          19|           9|
    |add_ln12_335_fu_12820_p2  |         +|   0|  0|   26|          19|           9|
    |add_ln12_336_fu_12831_p2  |         +|   0|  0|   26|          19|           9|
    |add_ln12_337_fu_12842_p2  |         +|   0|  0|   26|          19|           9|
    |add_ln12_338_fu_12853_p2  |         +|   0|  0|   26|          19|           9|
    |add_ln12_339_fu_12864_p2  |         +|   0|  0|   26|          19|           9|
    |add_ln12_33_fu_9486_p2    |         +|   0|  0|   26|          19|           6|
    |add_ln12_340_fu_12875_p2  |         +|   0|  0|   26|          19|           9|
    |add_ln12_341_fu_12886_p2  |         +|   0|  0|   26|          19|           9|
    |add_ln12_342_fu_12897_p2  |         +|   0|  0|   26|          19|           9|
    |add_ln12_343_fu_12908_p2  |         +|   0|  0|   26|          19|           9|
    |add_ln12_344_fu_12919_p2  |         +|   0|  0|   26|          19|           9|
    |add_ln12_345_fu_12930_p2  |         +|   0|  0|   26|          19|           9|
    |add_ln12_346_fu_12941_p2  |         +|   0|  0|   26|          19|           9|
    |add_ln12_347_fu_12952_p2  |         +|   0|  0|   26|          19|           9|
    |add_ln12_348_fu_12963_p2  |         +|   0|  0|   26|          19|           9|
    |add_ln12_349_fu_12974_p2  |         +|   0|  0|   26|          19|           9|
    |add_ln12_34_fu_9497_p2    |         +|   0|  0|   26|          19|           6|
    |add_ln12_350_fu_12985_p2  |         +|   0|  0|   26|          19|           9|
    |add_ln12_351_fu_12996_p2  |         +|   0|  0|   26|          19|           9|
    |add_ln12_352_fu_13007_p2  |         +|   0|  0|   26|          19|           9|
    |add_ln12_353_fu_13018_p2  |         +|   0|  0|   26|          19|           9|
    |add_ln12_354_fu_13029_p2  |         +|   0|  0|   26|          19|           9|
    |add_ln12_355_fu_13040_p2  |         +|   0|  0|   26|          19|           9|
    |add_ln12_356_fu_13051_p2  |         +|   0|  0|   26|          19|           9|
    |add_ln12_357_fu_13062_p2  |         +|   0|  0|   26|          19|           9|
    |add_ln12_358_fu_13073_p2  |         +|   0|  0|   26|          19|           9|
    |add_ln12_359_fu_13084_p2  |         +|   0|  0|   26|          19|           9|
    |add_ln12_35_fu_9508_p2    |         +|   0|  0|   26|          19|           6|
    |add_ln12_360_fu_13095_p2  |         +|   0|  0|   26|          19|           9|
    |add_ln12_361_fu_13106_p2  |         +|   0|  0|   26|          19|           9|
    |add_ln12_362_fu_13117_p2  |         +|   0|  0|   26|          19|           9|
    |add_ln12_363_fu_13128_p2  |         +|   0|  0|   26|          19|           9|
    |add_ln12_364_fu_13139_p2  |         +|   0|  0|   26|          19|           9|
    |add_ln12_365_fu_13150_p2  |         +|   0|  0|   26|          19|           9|
    |add_ln12_366_fu_13161_p2  |         +|   0|  0|   26|          19|           9|
    |add_ln12_367_fu_13172_p2  |         +|   0|  0|   26|          19|           9|
    |add_ln12_368_fu_13183_p2  |         +|   0|  0|   26|          19|           9|
    |add_ln12_369_fu_13194_p2  |         +|   0|  0|   26|          19|           9|
    |add_ln12_36_fu_9519_p2    |         +|   0|  0|   26|          19|           6|
    |add_ln12_370_fu_13205_p2  |         +|   0|  0|   26|          19|           9|
    |add_ln12_371_fu_13216_p2  |         +|   0|  0|   26|          19|           9|
    |add_ln12_372_fu_13227_p2  |         +|   0|  0|   26|          19|           9|
    |add_ln12_373_fu_13238_p2  |         +|   0|  0|   26|          19|           9|
    |add_ln12_374_fu_13249_p2  |         +|   0|  0|   26|          19|           9|
    |add_ln12_375_fu_13260_p2  |         +|   0|  0|   26|          19|           9|
    |add_ln12_376_fu_13271_p2  |         +|   0|  0|   26|          19|           9|
    |add_ln12_377_fu_13282_p2  |         +|   0|  0|   26|          19|           9|
    |add_ln12_378_fu_13293_p2  |         +|   0|  0|   26|          19|           9|
    |add_ln12_379_fu_13304_p2  |         +|   0|  0|   26|          19|           9|
    |add_ln12_37_fu_9530_p2    |         +|   0|  0|   26|          19|           6|
    |add_ln12_380_fu_13315_p2  |         +|   0|  0|   26|          19|           9|
    |add_ln12_381_fu_13326_p2  |         +|   0|  0|   26|          19|           9|
    |add_ln12_382_fu_13337_p2  |         +|   0|  0|   26|          19|           9|
    |add_ln12_383_fu_13348_p2  |         +|   0|  0|   26|          19|           9|
    |add_ln12_384_fu_13359_p2  |         +|   0|  0|   26|          19|           9|
    |add_ln12_385_fu_13370_p2  |         +|   0|  0|   26|          19|           9|
    |add_ln12_386_fu_13381_p2  |         +|   0|  0|   26|          19|           9|
    |add_ln12_387_fu_13392_p2  |         +|   0|  0|   26|          19|           9|
    |add_ln12_388_fu_13403_p2  |         +|   0|  0|   26|          19|           9|
    |add_ln12_389_fu_13414_p2  |         +|   0|  0|   26|          19|           9|
    |add_ln12_38_fu_9541_p2    |         +|   0|  0|   26|          19|           6|
    |add_ln12_390_fu_13425_p2  |         +|   0|  0|   26|          19|           9|
    |add_ln12_391_fu_13436_p2  |         +|   0|  0|   26|          19|           9|
    |add_ln12_392_fu_13447_p2  |         +|   0|  0|   26|          19|           9|
    |add_ln12_393_fu_13458_p2  |         +|   0|  0|   26|          19|           9|
    |add_ln12_394_fu_13469_p2  |         +|   0|  0|   26|          19|           9|
    |add_ln12_395_fu_13480_p2  |         +|   0|  0|   26|          19|           9|
    |add_ln12_396_fu_13491_p2  |         +|   0|  0|   26|          19|           9|
    |add_ln12_397_fu_13502_p2  |         +|   0|  0|   26|          19|           9|
    |add_ln12_398_fu_13513_p2  |         +|   0|  0|   26|          19|           9|
    |add_ln12_399_fu_13524_p2  |         +|   0|  0|   26|          19|           9|
    |add_ln12_39_fu_9552_p2    |         +|   0|  0|   26|          19|           6|
    |add_ln12_3_fu_9156_p2     |         +|   0|  0|   26|          19|           3|
    |add_ln12_400_fu_13535_p2  |         +|   0|  0|   26|          19|           9|
    |add_ln12_401_fu_13546_p2  |         +|   0|  0|   26|          19|           9|
    |add_ln12_402_fu_13557_p2  |         +|   0|  0|   26|          19|           9|
    |add_ln12_403_fu_13568_p2  |         +|   0|  0|   26|          19|           9|
    |add_ln12_404_fu_13579_p2  |         +|   0|  0|   26|          19|           9|
    |add_ln12_405_fu_13590_p2  |         +|   0|  0|   26|          19|           9|
    |add_ln12_406_fu_13601_p2  |         +|   0|  0|   26|          19|           9|
    |add_ln12_407_fu_13612_p2  |         +|   0|  0|   26|          19|           9|
    |add_ln12_408_fu_13623_p2  |         +|   0|  0|   26|          19|           9|
    |add_ln12_409_fu_13634_p2  |         +|   0|  0|   26|          19|           9|
    |add_ln12_40_fu_9563_p2    |         +|   0|  0|   26|          19|           6|
    |add_ln12_410_fu_13645_p2  |         +|   0|  0|   26|          19|           9|
    |add_ln12_411_fu_13656_p2  |         +|   0|  0|   26|          19|           9|
    |add_ln12_412_fu_13667_p2  |         +|   0|  0|   26|          19|           9|
    |add_ln12_413_fu_13678_p2  |         +|   0|  0|   26|          19|           9|
    |add_ln12_414_fu_13689_p2  |         +|   0|  0|   26|          19|           9|
    |add_ln12_415_fu_13700_p2  |         +|   0|  0|   26|          19|           9|
    |add_ln12_416_fu_13711_p2  |         +|   0|  0|   26|          19|           9|
    |add_ln12_417_fu_13722_p2  |         +|   0|  0|   26|          19|           9|
    |add_ln12_418_fu_13733_p2  |         +|   0|  0|   26|          19|           9|
    |add_ln12_419_fu_13744_p2  |         +|   0|  0|   26|          19|           9|
    |add_ln12_41_fu_9574_p2    |         +|   0|  0|   26|          19|           6|
    |add_ln12_420_fu_13755_p2  |         +|   0|  0|   26|          19|           9|
    |add_ln12_421_fu_13766_p2  |         +|   0|  0|   26|          19|           9|
    |add_ln12_422_fu_13777_p2  |         +|   0|  0|   26|          19|           9|
    |add_ln12_423_fu_13788_p2  |         +|   0|  0|   26|          19|           9|
    |add_ln12_424_fu_13799_p2  |         +|   0|  0|   26|          19|           9|
    |add_ln12_425_fu_13810_p2  |         +|   0|  0|   26|          19|           9|
    |add_ln12_426_fu_13821_p2  |         +|   0|  0|   26|          19|           9|
    |add_ln12_427_fu_13832_p2  |         +|   0|  0|   26|          19|           9|
    |add_ln12_428_fu_13843_p2  |         +|   0|  0|   26|          19|           9|
    |add_ln12_429_fu_13854_p2  |         +|   0|  0|   26|          19|           9|
    |add_ln12_42_fu_9585_p2    |         +|   0|  0|   26|          19|           6|
    |add_ln12_430_fu_13865_p2  |         +|   0|  0|   26|          19|           9|
    |add_ln12_431_fu_13876_p2  |         +|   0|  0|   26|          19|           9|
    |add_ln12_432_fu_13887_p2  |         +|   0|  0|   26|          19|           9|
    |add_ln12_433_fu_13898_p2  |         +|   0|  0|   26|          19|           9|
    |add_ln12_434_fu_13909_p2  |         +|   0|  0|   26|          19|           9|
    |add_ln12_435_fu_13920_p2  |         +|   0|  0|   26|          19|           9|
    |add_ln12_436_fu_13931_p2  |         +|   0|  0|   26|          19|           9|
    |add_ln12_437_fu_13942_p2  |         +|   0|  0|   26|          19|           9|
    |add_ln12_438_fu_13953_p2  |         +|   0|  0|   26|          19|           9|
    |add_ln12_439_fu_13964_p2  |         +|   0|  0|   26|          19|           9|
    |add_ln12_43_fu_9596_p2    |         +|   0|  0|   26|          19|           6|
    |add_ln12_440_fu_13975_p2  |         +|   0|  0|   26|          19|           9|
    |add_ln12_441_fu_13986_p2  |         +|   0|  0|   26|          19|           9|
    |add_ln12_442_fu_13997_p2  |         +|   0|  0|   26|          19|           9|
    |add_ln12_443_fu_14008_p2  |         +|   0|  0|   26|          19|           9|
    |add_ln12_444_fu_14019_p2  |         +|   0|  0|   26|          19|           9|
    |add_ln12_445_fu_14030_p2  |         +|   0|  0|   26|          19|           9|
    |add_ln12_446_fu_14041_p2  |         +|   0|  0|   26|          19|           9|
    |add_ln12_447_fu_14052_p2  |         +|   0|  0|   26|          19|           9|
    |add_ln12_448_fu_14063_p2  |         +|   0|  0|   26|          19|           9|
    |add_ln12_449_fu_14074_p2  |         +|   0|  0|   26|          19|           9|
    |add_ln12_44_fu_9607_p2    |         +|   0|  0|   26|          19|           6|
    |add_ln12_450_fu_14085_p2  |         +|   0|  0|   26|          19|           9|
    |add_ln12_451_fu_14096_p2  |         +|   0|  0|   26|          19|           9|
    |add_ln12_452_fu_14107_p2  |         +|   0|  0|   26|          19|           9|
    |add_ln12_453_fu_14118_p2  |         +|   0|  0|   26|          19|           9|
    |add_ln12_454_fu_14129_p2  |         +|   0|  0|   26|          19|           9|
    |add_ln12_455_fu_14140_p2  |         +|   0|  0|   26|          19|           9|
    |add_ln12_456_fu_14151_p2  |         +|   0|  0|   26|          19|           9|
    |add_ln12_457_fu_14162_p2  |         +|   0|  0|   26|          19|           9|
    |add_ln12_458_fu_14173_p2  |         +|   0|  0|   26|          19|           9|
    |add_ln12_459_fu_14184_p2  |         +|   0|  0|   26|          19|           9|
    |add_ln12_45_fu_9618_p2    |         +|   0|  0|   26|          19|           6|
    |add_ln12_460_fu_14195_p2  |         +|   0|  0|   26|          19|           9|
    |add_ln12_461_fu_14206_p2  |         +|   0|  0|   26|          19|           9|
    |add_ln12_462_fu_14217_p2  |         +|   0|  0|   26|          19|           9|
    |add_ln12_463_fu_14228_p2  |         +|   0|  0|   26|          19|           9|
    |add_ln12_464_fu_14239_p2  |         +|   0|  0|   26|          19|           9|
    |add_ln12_465_fu_14250_p2  |         +|   0|  0|   26|          19|           9|
    |add_ln12_466_fu_14261_p2  |         +|   0|  0|   26|          19|           9|
    |add_ln12_467_fu_14272_p2  |         +|   0|  0|   26|          19|           9|
    |add_ln12_468_fu_14283_p2  |         +|   0|  0|   26|          19|           9|
    |add_ln12_469_fu_14294_p2  |         +|   0|  0|   26|          19|           9|
    |add_ln12_46_fu_9629_p2    |         +|   0|  0|   26|          19|           6|
    |add_ln12_470_fu_14305_p2  |         +|   0|  0|   26|          19|           9|
    |add_ln12_471_fu_14316_p2  |         +|   0|  0|   26|          19|           9|
    |add_ln12_472_fu_14327_p2  |         +|   0|  0|   26|          19|           9|
    |add_ln12_473_fu_14338_p2  |         +|   0|  0|   26|          19|           9|
    |add_ln12_474_fu_14349_p2  |         +|   0|  0|   26|          19|           9|
    |add_ln12_475_fu_14360_p2  |         +|   0|  0|   26|          19|           9|
    |add_ln12_476_fu_14371_p2  |         +|   0|  0|   26|          19|           9|
    |add_ln12_477_fu_14382_p2  |         +|   0|  0|   26|          19|           9|
    |add_ln12_478_fu_14393_p2  |         +|   0|  0|   26|          19|           9|
    |add_ln12_479_fu_14404_p2  |         +|   0|  0|   26|          19|           9|
    |add_ln12_47_fu_9640_p2    |         +|   0|  0|   26|          19|           6|
    |add_ln12_480_fu_14415_p2  |         +|   0|  0|   26|          19|           9|
    |add_ln12_481_fu_14426_p2  |         +|   0|  0|   26|          19|           9|
    |add_ln12_482_fu_14437_p2  |         +|   0|  0|   26|          19|           9|
    |add_ln12_483_fu_14448_p2  |         +|   0|  0|   26|          19|           9|
    |add_ln12_484_fu_14459_p2  |         +|   0|  0|   26|          19|           9|
    |add_ln12_485_fu_14470_p2  |         +|   0|  0|   26|          19|           9|
    |add_ln12_486_fu_14481_p2  |         +|   0|  0|   26|          19|           9|
    |add_ln12_487_fu_14492_p2  |         +|   0|  0|   26|          19|           9|
    |add_ln12_488_fu_14503_p2  |         +|   0|  0|   26|          19|           9|
    |add_ln12_489_fu_14514_p2  |         +|   0|  0|   26|          19|           9|
    |add_ln12_48_fu_9651_p2    |         +|   0|  0|   26|          19|           6|
    |add_ln12_490_fu_14525_p2  |         +|   0|  0|   26|          19|           9|
    |add_ln12_491_fu_14536_p2  |         +|   0|  0|   26|          19|           9|
    |add_ln12_492_fu_14547_p2  |         +|   0|  0|   26|          19|           9|
    |add_ln12_493_fu_14558_p2  |         +|   0|  0|   26|          19|           9|
    |add_ln12_494_fu_14569_p2  |         +|   0|  0|   26|          19|           9|
    |add_ln12_495_fu_14580_p2  |         +|   0|  0|   26|          19|           9|
    |add_ln12_496_fu_11291_p2  |         +|   0|  0|   26|          19|           9|
    |add_ln12_49_fu_9662_p2    |         +|   0|  0|   26|          19|           6|
    |add_ln12_4_fu_9167_p2     |         +|   0|  0|   26|          19|           4|
    |add_ln12_50_fu_9673_p2    |         +|   0|  0|   26|          19|           6|
    |add_ln12_51_fu_9684_p2    |         +|   0|  0|   26|          19|           6|
    |add_ln12_52_fu_9695_p2    |         +|   0|  0|   26|          19|           6|
    |add_ln12_53_fu_9706_p2    |         +|   0|  0|   26|          19|           6|
    |add_ln12_54_fu_9717_p2    |         +|   0|  0|   26|          19|           6|
    |add_ln12_55_fu_9728_p2    |         +|   0|  0|   26|          19|           6|
    |add_ln12_56_fu_9739_p2    |         +|   0|  0|   26|          19|           6|
    |add_ln12_57_fu_9750_p2    |         +|   0|  0|   26|          19|           6|
    |add_ln12_58_fu_9761_p2    |         +|   0|  0|   26|          19|           6|
    |add_ln12_59_fu_9772_p2    |         +|   0|  0|   26|          19|           6|
    |add_ln12_5_fu_9178_p2     |         +|   0|  0|   26|          19|           4|
    |add_ln12_60_fu_9783_p2    |         +|   0|  0|   26|          19|           7|
    |add_ln12_61_fu_9794_p2    |         +|   0|  0|   26|          19|           7|
    |add_ln12_62_fu_9805_p2    |         +|   0|  0|   26|          19|           7|
    |add_ln12_63_fu_9816_p2    |         +|   0|  0|   26|          19|           7|
    |add_ln12_64_fu_9827_p2    |         +|   0|  0|   26|          19|           7|
    |add_ln12_65_fu_9838_p2    |         +|   0|  0|   26|          19|           7|
    |add_ln12_66_fu_9849_p2    |         +|   0|  0|   26|          19|           7|
    |add_ln12_67_fu_9860_p2    |         +|   0|  0|   26|          19|           7|
    |add_ln12_68_fu_9871_p2    |         +|   0|  0|   26|          19|           7|
    |add_ln12_69_fu_9882_p2    |         +|   0|  0|   26|          19|           7|
    |add_ln12_6_fu_9189_p2     |         +|   0|  0|   26|          19|           4|
    |add_ln12_70_fu_9893_p2    |         +|   0|  0|   26|          19|           7|
    |add_ln12_71_fu_9904_p2    |         +|   0|  0|   26|          19|           7|
    |add_ln12_72_fu_9915_p2    |         +|   0|  0|   26|          19|           7|
    |add_ln12_73_fu_9926_p2    |         +|   0|  0|   26|          19|           7|
    |add_ln12_74_fu_9937_p2    |         +|   0|  0|   26|          19|           7|
    |add_ln12_75_fu_9948_p2    |         +|   0|  0|   26|          19|           7|
    |add_ln12_76_fu_9959_p2    |         +|   0|  0|   26|          19|           7|
    |add_ln12_77_fu_9970_p2    |         +|   0|  0|   26|          19|           7|
    |add_ln12_78_fu_9981_p2    |         +|   0|  0|   26|          19|           7|
    |add_ln12_79_fu_9992_p2    |         +|   0|  0|   26|          19|           7|
    |add_ln12_7_fu_9200_p2     |         +|   0|  0|   26|          19|           4|
    |add_ln12_80_fu_10003_p2   |         +|   0|  0|   26|          19|           7|
    |add_ln12_81_fu_10014_p2   |         +|   0|  0|   26|          19|           7|
    |add_ln12_82_fu_10025_p2   |         +|   0|  0|   26|          19|           7|
    |add_ln12_83_fu_10036_p2   |         +|   0|  0|   26|          19|           7|
    |add_ln12_84_fu_10047_p2   |         +|   0|  0|   26|          19|           7|
    |add_ln12_85_fu_10058_p2   |         +|   0|  0|   26|          19|           7|
    |add_ln12_86_fu_10069_p2   |         +|   0|  0|   26|          19|           7|
    |add_ln12_87_fu_10080_p2   |         +|   0|  0|   26|          19|           7|
    |add_ln12_88_fu_10091_p2   |         +|   0|  0|   26|          19|           7|
    |add_ln12_89_fu_10102_p2   |         +|   0|  0|   26|          19|           7|
    |add_ln12_8_fu_9211_p2     |         +|   0|  0|   26|          19|           4|
    |add_ln12_90_fu_10113_p2   |         +|   0|  0|   26|          19|           7|
    |add_ln12_91_fu_10124_p2   |         +|   0|  0|   26|          19|           7|
    |add_ln12_92_fu_10135_p2   |         +|   0|  0|   26|          19|           7|
    |add_ln12_93_fu_10146_p2   |         +|   0|  0|   26|          19|           7|
    |add_ln12_94_fu_10157_p2   |         +|   0|  0|   26|          19|           7|
    |add_ln12_95_fu_10168_p2   |         +|   0|  0|   26|          19|           7|
    |add_ln12_96_fu_10179_p2   |         +|   0|  0|   26|          19|           7|
    |add_ln12_97_fu_10190_p2   |         +|   0|  0|   26|          19|           7|
    |add_ln12_98_fu_10201_p2   |         +|   0|  0|   26|          19|           7|
    |add_ln12_99_fu_10212_p2   |         +|   0|  0|   26|          19|           7|
    |add_ln12_9_fu_9222_p2     |         +|   0|  0|   26|          19|           4|
    |add_ln12_fu_9123_p2       |         +|   0|  0|   26|          19|           3|
    |icmp_ln12_fu_11285_p2     |      icmp|   0|  0|   14|          19|          19|
    |or_ln12_1_fu_9101_p2      |        or|   0|  0|   19|          19|           2|
    |or_ln12_2_fu_9112_p2      |        or|   0|  0|   19|          19|           2|
    |or_ln12_fu_9090_p2        |        or|   0|  0|   19|          19|           1|
    |out_r_d0                  |       xor|   0|  0|    8|           8|           2|
    +--------------------------+----------+----+---+-----+------------+------------+
    |Total                     |          |   0|  0|13001|        9527|        4019|
    +--------------------------+----------+----+---+-----+------------+------------+

    * Multiplexer: 
    +----------------+------+-----------+-----+-----------+
    |      Name      |  LUT | Input Size| Bits| Total Bits|
    +----------------+------+-----------+-----+-----------+
    |ap_NS_fsm       |  2646|        503|    1|        503|
    |i_0_reg_9066    |     9|          2|   19|         38|
    |in_r_address0   |  2635|        501|   19|       9519|
    |out_r_address0  |  2635|        501|   19|       9519|
    +----------------+------+-----------+-----+-----------+
    |Total           |  7925|       1507|   58|      19579|
    +----------------+------+-----------+-----+-----------+

    * Register: 
    +-------------------------+-----+----+-----+-----------+
    |           Name          |  FF | LUT| Bits| Const Bits|
    +-------------------------+-----+----+-----+-----------+
    |add_ln12_496_reg_16594   |   19|   0|   19|          0|
    |ap_CS_fsm                |  502|   0|  502|          0|
    |i_0_cast_reg_14591       |   19|   0|   64|         45|
    |i_0_reg_9066             |   19|   0|   19|          0|
    |zext_ln12_reg_16599      |   19|   0|   64|         45|
    |zext_ln14_100_reg_15601  |   19|   0|   64|         45|
    |zext_ln14_101_reg_15611  |   19|   0|   64|         45|
    |zext_ln14_102_reg_15621  |   19|   0|   64|         45|
    |zext_ln14_103_reg_15631  |   19|   0|   64|         45|
    |zext_ln14_104_reg_15641  |   19|   0|   64|         45|
    |zext_ln14_105_reg_15651  |   19|   0|   64|         45|
    |zext_ln14_106_reg_15661  |   19|   0|   64|         45|
    |zext_ln14_107_reg_15671  |   19|   0|   64|         45|
    |zext_ln14_108_reg_15681  |   19|   0|   64|         45|
    |zext_ln14_109_reg_15691  |   19|   0|   64|         45|
    |zext_ln14_10_reg_14701   |   19|   0|   64|         45|
    |zext_ln14_110_reg_15701  |   19|   0|   64|         45|
    |zext_ln14_111_reg_15711  |   19|   0|   64|         45|
    |zext_ln14_112_reg_15721  |   19|   0|   64|         45|
    |zext_ln14_113_reg_15731  |   19|   0|   64|         45|
    |zext_ln14_114_reg_15741  |   19|   0|   64|         45|
    |zext_ln14_115_reg_15751  |   19|   0|   64|         45|
    |zext_ln14_116_reg_15761  |   19|   0|   64|         45|
    |zext_ln14_117_reg_15771  |   19|   0|   64|         45|
    |zext_ln14_118_reg_15781  |   19|   0|   64|         45|
    |zext_ln14_119_reg_15791  |   19|   0|   64|         45|
    |zext_ln14_11_reg_14711   |   19|   0|   64|         45|
    |zext_ln14_120_reg_15801  |   19|   0|   64|         45|
    |zext_ln14_121_reg_15811  |   19|   0|   64|         45|
    |zext_ln14_122_reg_15821  |   19|   0|   64|         45|
    |zext_ln14_123_reg_15831  |   19|   0|   64|         45|
    |zext_ln14_124_reg_15841  |   19|   0|   64|         45|
    |zext_ln14_125_reg_15851  |   19|   0|   64|         45|
    |zext_ln14_126_reg_15861  |   19|   0|   64|         45|
    |zext_ln14_127_reg_15871  |   19|   0|   64|         45|
    |zext_ln14_128_reg_15881  |   19|   0|   64|         45|
    |zext_ln14_129_reg_15891  |   19|   0|   64|         45|
    |zext_ln14_12_reg_14721   |   19|   0|   64|         45|
    |zext_ln14_130_reg_15901  |   19|   0|   64|         45|
    |zext_ln14_131_reg_15911  |   19|   0|   64|         45|
    |zext_ln14_132_reg_15921  |   19|   0|   64|         45|
    |zext_ln14_133_reg_15931  |   19|   0|   64|         45|
    |zext_ln14_134_reg_15941  |   19|   0|   64|         45|
    |zext_ln14_135_reg_15951  |   19|   0|   64|         45|
    |zext_ln14_136_reg_15961  |   19|   0|   64|         45|
    |zext_ln14_137_reg_15971  |   19|   0|   64|         45|
    |zext_ln14_138_reg_15981  |   19|   0|   64|         45|
    |zext_ln14_139_reg_15991  |   19|   0|   64|         45|
    |zext_ln14_13_reg_14731   |   19|   0|   64|         45|
    |zext_ln14_140_reg_16001  |   19|   0|   64|         45|
    |zext_ln14_141_reg_16011  |   19|   0|   64|         45|
    |zext_ln14_142_reg_16021  |   19|   0|   64|         45|
    |zext_ln14_143_reg_16031  |   19|   0|   64|         45|
    |zext_ln14_144_reg_16041  |   19|   0|   64|         45|
    |zext_ln14_145_reg_16051  |   19|   0|   64|         45|
    |zext_ln14_146_reg_16061  |   19|   0|   64|         45|
    |zext_ln14_147_reg_16071  |   19|   0|   64|         45|
    |zext_ln14_148_reg_16081  |   19|   0|   64|         45|
    |zext_ln14_149_reg_16091  |   19|   0|   64|         45|
    |zext_ln14_14_reg_14741   |   19|   0|   64|         45|
    |zext_ln14_150_reg_16101  |   19|   0|   64|         45|
    |zext_ln14_151_reg_16111  |   19|   0|   64|         45|
    |zext_ln14_152_reg_16121  |   19|   0|   64|         45|
    |zext_ln14_153_reg_16131  |   19|   0|   64|         45|
    |zext_ln14_154_reg_16141  |   19|   0|   64|         45|
    |zext_ln14_155_reg_16151  |   19|   0|   64|         45|
    |zext_ln14_156_reg_16161  |   19|   0|   64|         45|
    |zext_ln14_157_reg_16171  |   19|   0|   64|         45|
    |zext_ln14_158_reg_16181  |   19|   0|   64|         45|
    |zext_ln14_159_reg_16191  |   19|   0|   64|         45|
    |zext_ln14_15_reg_14751   |   19|   0|   64|         45|
    |zext_ln14_160_reg_16201  |   19|   0|   64|         45|
    |zext_ln14_161_reg_16211  |   19|   0|   64|         45|
    |zext_ln14_162_reg_16221  |   19|   0|   64|         45|
    |zext_ln14_163_reg_16231  |   19|   0|   64|         45|
    |zext_ln14_164_reg_16241  |   19|   0|   64|         45|
    |zext_ln14_165_reg_16251  |   19|   0|   64|         45|
    |zext_ln14_166_reg_16261  |   19|   0|   64|         45|
    |zext_ln14_167_reg_16271  |   19|   0|   64|         45|
    |zext_ln14_168_reg_16281  |   19|   0|   64|         45|
    |zext_ln14_169_reg_16291  |   19|   0|   64|         45|
    |zext_ln14_16_reg_14761   |   19|   0|   64|         45|
    |zext_ln14_170_reg_16301  |   19|   0|   64|         45|
    |zext_ln14_171_reg_16311  |   19|   0|   64|         45|
    |zext_ln14_172_reg_16321  |   19|   0|   64|         45|
    |zext_ln14_173_reg_16331  |   19|   0|   64|         45|
    |zext_ln14_174_reg_16341  |   19|   0|   64|         45|
    |zext_ln14_175_reg_16351  |   19|   0|   64|         45|
    |zext_ln14_176_reg_16361  |   19|   0|   64|         45|
    |zext_ln14_177_reg_16371  |   19|   0|   64|         45|
    |zext_ln14_178_reg_16381  |   19|   0|   64|         45|
    |zext_ln14_179_reg_16391  |   19|   0|   64|         45|
    |zext_ln14_17_reg_14771   |   19|   0|   64|         45|
    |zext_ln14_180_reg_16401  |   19|   0|   64|         45|
    |zext_ln14_181_reg_16411  |   19|   0|   64|         45|
    |zext_ln14_182_reg_16421  |   19|   0|   64|         45|
    |zext_ln14_183_reg_16431  |   19|   0|   64|         45|
    |zext_ln14_184_reg_16441  |   19|   0|   64|         45|
    |zext_ln14_185_reg_16451  |   19|   0|   64|         45|
    |zext_ln14_186_reg_16461  |   19|   0|   64|         45|
    |zext_ln14_187_reg_16471  |   19|   0|   64|         45|
    |zext_ln14_188_reg_16481  |   19|   0|   64|         45|
    |zext_ln14_189_reg_16491  |   19|   0|   64|         45|
    |zext_ln14_18_reg_14781   |   19|   0|   64|         45|
    |zext_ln14_190_reg_16501  |   19|   0|   64|         45|
    |zext_ln14_191_reg_16511  |   19|   0|   64|         45|
    |zext_ln14_192_reg_16521  |   19|   0|   64|         45|
    |zext_ln14_193_reg_16531  |   19|   0|   64|         45|
    |zext_ln14_194_reg_16541  |   19|   0|   64|         45|
    |zext_ln14_195_reg_16551  |   19|   0|   64|         45|
    |zext_ln14_196_reg_16561  |   19|   0|   64|         45|
    |zext_ln14_197_reg_16571  |   19|   0|   64|         45|
    |zext_ln14_198_reg_16581  |   19|   0|   64|         45|
    |zext_ln14_199_reg_16609  |   19|   0|   64|         45|
    |zext_ln14_19_reg_14791   |   19|   0|   64|         45|
    |zext_ln14_1_reg_14611    |   18|   0|   64|         46|
    |zext_ln14_200_reg_16619  |   19|   0|   64|         45|
    |zext_ln14_201_reg_16629  |   19|   0|   64|         45|
    |zext_ln14_202_reg_16639  |   19|   0|   64|         45|
    |zext_ln14_203_reg_16649  |   19|   0|   64|         45|
    |zext_ln14_204_reg_16659  |   19|   0|   64|         45|
    |zext_ln14_205_reg_16669  |   19|   0|   64|         45|
    |zext_ln14_206_reg_16679  |   19|   0|   64|         45|
    |zext_ln14_207_reg_16689  |   19|   0|   64|         45|
    |zext_ln14_208_reg_16699  |   19|   0|   64|         45|
    |zext_ln14_209_reg_16709  |   19|   0|   64|         45|
    |zext_ln14_20_reg_14801   |   19|   0|   64|         45|
    |zext_ln14_210_reg_16719  |   19|   0|   64|         45|
    |zext_ln14_211_reg_16729  |   19|   0|   64|         45|
    |zext_ln14_212_reg_16739  |   19|   0|   64|         45|
    |zext_ln14_213_reg_16749  |   19|   0|   64|         45|
    |zext_ln14_214_reg_16759  |   19|   0|   64|         45|
    |zext_ln14_215_reg_16769  |   19|   0|   64|         45|
    |zext_ln14_216_reg_16779  |   19|   0|   64|         45|
    |zext_ln14_217_reg_16789  |   19|   0|   64|         45|
    |zext_ln14_218_reg_16799  |   19|   0|   64|         45|
    |zext_ln14_219_reg_16809  |   19|   0|   64|         45|
    |zext_ln14_21_reg_14811   |   19|   0|   64|         45|
    |zext_ln14_220_reg_16819  |   19|   0|   64|         45|
    |zext_ln14_221_reg_16829  |   19|   0|   64|         45|
    |zext_ln14_222_reg_16839  |   19|   0|   64|         45|
    |zext_ln14_223_reg_16849  |   19|   0|   64|         45|
    |zext_ln14_224_reg_16859  |   19|   0|   64|         45|
    |zext_ln14_225_reg_16869  |   19|   0|   64|         45|
    |zext_ln14_226_reg_16879  |   19|   0|   64|         45|
    |zext_ln14_227_reg_16889  |   19|   0|   64|         45|
    |zext_ln14_228_reg_16899  |   19|   0|   64|         45|
    |zext_ln14_229_reg_16909  |   19|   0|   64|         45|
    |zext_ln14_22_reg_14821   |   19|   0|   64|         45|
    |zext_ln14_230_reg_16919  |   19|   0|   64|         45|
    |zext_ln14_231_reg_16929  |   19|   0|   64|         45|
    |zext_ln14_232_reg_16939  |   19|   0|   64|         45|
    |zext_ln14_233_reg_16949  |   19|   0|   64|         45|
    |zext_ln14_234_reg_16959  |   19|   0|   64|         45|
    |zext_ln14_235_reg_16969  |   19|   0|   64|         45|
    |zext_ln14_236_reg_16979  |   19|   0|   64|         45|
    |zext_ln14_237_reg_16989  |   19|   0|   64|         45|
    |zext_ln14_238_reg_16999  |   19|   0|   64|         45|
    |zext_ln14_239_reg_17009  |   19|   0|   64|         45|
    |zext_ln14_23_reg_14831   |   19|   0|   64|         45|
    |zext_ln14_240_reg_17019  |   19|   0|   64|         45|
    |zext_ln14_241_reg_17029  |   19|   0|   64|         45|
    |zext_ln14_242_reg_17039  |   19|   0|   64|         45|
    |zext_ln14_243_reg_17049  |   19|   0|   64|         45|
    |zext_ln14_244_reg_17059  |   19|   0|   64|         45|
    |zext_ln14_245_reg_17069  |   19|   0|   64|         45|
    |zext_ln14_246_reg_17079  |   19|   0|   64|         45|
    |zext_ln14_247_reg_17089  |   19|   0|   64|         45|
    |zext_ln14_248_reg_17099  |   19|   0|   64|         45|
    |zext_ln14_249_reg_17109  |   19|   0|   64|         45|
    |zext_ln14_24_reg_14841   |   19|   0|   64|         45|
    |zext_ln14_250_reg_17119  |   19|   0|   64|         45|
    |zext_ln14_251_reg_17129  |   19|   0|   64|         45|
    |zext_ln14_252_reg_17139  |   19|   0|   64|         45|
    |zext_ln14_253_reg_17149  |   19|   0|   64|         45|
    |zext_ln14_254_reg_17159  |   19|   0|   64|         45|
    |zext_ln14_255_reg_17169  |   19|   0|   64|         45|
    |zext_ln14_256_reg_17179  |   19|   0|   64|         45|
    |zext_ln14_257_reg_17189  |   19|   0|   64|         45|
    |zext_ln14_258_reg_17199  |   19|   0|   64|         45|
    |zext_ln14_259_reg_17209  |   19|   0|   64|         45|
    |zext_ln14_25_reg_14851   |   19|   0|   64|         45|
    |zext_ln14_260_reg_17219  |   19|   0|   64|         45|
    |zext_ln14_261_reg_17229  |   19|   0|   64|         45|
    |zext_ln14_262_reg_17239  |   19|   0|   64|         45|
    |zext_ln14_263_reg_17249  |   19|   0|   64|         45|
    |zext_ln14_264_reg_17259  |   19|   0|   64|         45|
    |zext_ln14_265_reg_17269  |   19|   0|   64|         45|
    |zext_ln14_266_reg_17279  |   19|   0|   64|         45|
    |zext_ln14_267_reg_17289  |   19|   0|   64|         45|
    |zext_ln14_268_reg_17299  |   19|   0|   64|         45|
    |zext_ln14_269_reg_17309  |   19|   0|   64|         45|
    |zext_ln14_26_reg_14861   |   19|   0|   64|         45|
    |zext_ln14_270_reg_17319  |   19|   0|   64|         45|
    |zext_ln14_271_reg_17329  |   19|   0|   64|         45|
    |zext_ln14_272_reg_17339  |   19|   0|   64|         45|
    |zext_ln14_273_reg_17349  |   19|   0|   64|         45|
    |zext_ln14_274_reg_17359  |   19|   0|   64|         45|
    |zext_ln14_275_reg_17369  |   19|   0|   64|         45|
    |zext_ln14_276_reg_17379  |   19|   0|   64|         45|
    |zext_ln14_277_reg_17389  |   19|   0|   64|         45|
    |zext_ln14_278_reg_17399  |   19|   0|   64|         45|
    |zext_ln14_279_reg_17409  |   19|   0|   64|         45|
    |zext_ln14_27_reg_14871   |   19|   0|   64|         45|
    |zext_ln14_280_reg_17419  |   19|   0|   64|         45|
    |zext_ln14_281_reg_17429  |   19|   0|   64|         45|
    |zext_ln14_282_reg_17439  |   19|   0|   64|         45|
    |zext_ln14_283_reg_17449  |   19|   0|   64|         45|
    |zext_ln14_284_reg_17459  |   19|   0|   64|         45|
    |zext_ln14_285_reg_17469  |   19|   0|   64|         45|
    |zext_ln14_286_reg_17479  |   19|   0|   64|         45|
    |zext_ln14_287_reg_17489  |   19|   0|   64|         45|
    |zext_ln14_288_reg_17499  |   19|   0|   64|         45|
    |zext_ln14_289_reg_17509  |   19|   0|   64|         45|
    |zext_ln14_28_reg_14881   |   19|   0|   64|         45|
    |zext_ln14_290_reg_17519  |   19|   0|   64|         45|
    |zext_ln14_291_reg_17529  |   19|   0|   64|         45|
    |zext_ln14_292_reg_17539  |   19|   0|   64|         45|
    |zext_ln14_293_reg_17549  |   19|   0|   64|         45|
    |zext_ln14_294_reg_17559  |   19|   0|   64|         45|
    |zext_ln14_295_reg_17569  |   19|   0|   64|         45|
    |zext_ln14_296_reg_17579  |   19|   0|   64|         45|
    |zext_ln14_297_reg_17589  |   19|   0|   64|         45|
    |zext_ln14_298_reg_17599  |   19|   0|   64|         45|
    |zext_ln14_299_reg_17609  |   19|   0|   64|         45|
    |zext_ln14_29_reg_14891   |   19|   0|   64|         45|
    |zext_ln14_2_reg_14621    |   17|   0|   64|         47|
    |zext_ln14_300_reg_17619  |   19|   0|   64|         45|
    |zext_ln14_301_reg_17629  |   19|   0|   64|         45|
    |zext_ln14_302_reg_17639  |   19|   0|   64|         45|
    |zext_ln14_303_reg_17649  |   19|   0|   64|         45|
    |zext_ln14_304_reg_17659  |   19|   0|   64|         45|
    |zext_ln14_305_reg_17669  |   19|   0|   64|         45|
    |zext_ln14_306_reg_17679  |   19|   0|   64|         45|
    |zext_ln14_307_reg_17689  |   19|   0|   64|         45|
    |zext_ln14_308_reg_17699  |   19|   0|   64|         45|
    |zext_ln14_309_reg_17709  |   19|   0|   64|         45|
    |zext_ln14_30_reg_14901   |   19|   0|   64|         45|
    |zext_ln14_310_reg_17719  |   19|   0|   64|         45|
    |zext_ln14_311_reg_17729  |   19|   0|   64|         45|
    |zext_ln14_312_reg_17739  |   19|   0|   64|         45|
    |zext_ln14_313_reg_17749  |   19|   0|   64|         45|
    |zext_ln14_314_reg_17759  |   19|   0|   64|         45|
    |zext_ln14_315_reg_17769  |   19|   0|   64|         45|
    |zext_ln14_316_reg_17779  |   19|   0|   64|         45|
    |zext_ln14_317_reg_17789  |   19|   0|   64|         45|
    |zext_ln14_318_reg_17799  |   19|   0|   64|         45|
    |zext_ln14_319_reg_17809  |   19|   0|   64|         45|
    |zext_ln14_31_reg_14911   |   19|   0|   64|         45|
    |zext_ln14_320_reg_17819  |   19|   0|   64|         45|
    |zext_ln14_321_reg_17829  |   19|   0|   64|         45|
    |zext_ln14_322_reg_17839  |   19|   0|   64|         45|
    |zext_ln14_323_reg_17849  |   19|   0|   64|         45|
    |zext_ln14_324_reg_17859  |   19|   0|   64|         45|
    |zext_ln14_325_reg_17869  |   19|   0|   64|         45|
    |zext_ln14_326_reg_17879  |   19|   0|   64|         45|
    |zext_ln14_327_reg_17889  |   19|   0|   64|         45|
    |zext_ln14_328_reg_17899  |   19|   0|   64|         45|
    |zext_ln14_329_reg_17909  |   19|   0|   64|         45|
    |zext_ln14_32_reg_14921   |   19|   0|   64|         45|
    |zext_ln14_330_reg_17919  |   19|   0|   64|         45|
    |zext_ln14_331_reg_17929  |   19|   0|   64|         45|
    |zext_ln14_332_reg_17939  |   19|   0|   64|         45|
    |zext_ln14_333_reg_17949  |   19|   0|   64|         45|
    |zext_ln14_334_reg_17959  |   19|   0|   64|         45|
    |zext_ln14_335_reg_17969  |   19|   0|   64|         45|
    |zext_ln14_336_reg_17979  |   19|   0|   64|         45|
    |zext_ln14_337_reg_17989  |   19|   0|   64|         45|
    |zext_ln14_338_reg_17999  |   19|   0|   64|         45|
    |zext_ln14_339_reg_18009  |   19|   0|   64|         45|
    |zext_ln14_33_reg_14931   |   19|   0|   64|         45|
    |zext_ln14_340_reg_18019  |   19|   0|   64|         45|
    |zext_ln14_341_reg_18029  |   19|   0|   64|         45|
    |zext_ln14_342_reg_18039  |   19|   0|   64|         45|
    |zext_ln14_343_reg_18049  |   19|   0|   64|         45|
    |zext_ln14_344_reg_18059  |   19|   0|   64|         45|
    |zext_ln14_345_reg_18069  |   19|   0|   64|         45|
    |zext_ln14_346_reg_18079  |   19|   0|   64|         45|
    |zext_ln14_347_reg_18089  |   19|   0|   64|         45|
    |zext_ln14_348_reg_18099  |   19|   0|   64|         45|
    |zext_ln14_349_reg_18109  |   19|   0|   64|         45|
    |zext_ln14_34_reg_14941   |   19|   0|   64|         45|
    |zext_ln14_350_reg_18119  |   19|   0|   64|         45|
    |zext_ln14_351_reg_18129  |   19|   0|   64|         45|
    |zext_ln14_352_reg_18139  |   19|   0|   64|         45|
    |zext_ln14_353_reg_18149  |   19|   0|   64|         45|
    |zext_ln14_354_reg_18159  |   19|   0|   64|         45|
    |zext_ln14_355_reg_18169  |   19|   0|   64|         45|
    |zext_ln14_356_reg_18179  |   19|   0|   64|         45|
    |zext_ln14_357_reg_18189  |   19|   0|   64|         45|
    |zext_ln14_358_reg_18199  |   19|   0|   64|         45|
    |zext_ln14_359_reg_18209  |   19|   0|   64|         45|
    |zext_ln14_35_reg_14951   |   19|   0|   64|         45|
    |zext_ln14_360_reg_18219  |   19|   0|   64|         45|
    |zext_ln14_361_reg_18229  |   19|   0|   64|         45|
    |zext_ln14_362_reg_18239  |   19|   0|   64|         45|
    |zext_ln14_363_reg_18249  |   19|   0|   64|         45|
    |zext_ln14_364_reg_18259  |   19|   0|   64|         45|
    |zext_ln14_365_reg_18269  |   19|   0|   64|         45|
    |zext_ln14_366_reg_18279  |   19|   0|   64|         45|
    |zext_ln14_367_reg_18289  |   19|   0|   64|         45|
    |zext_ln14_368_reg_18299  |   19|   0|   64|         45|
    |zext_ln14_369_reg_18309  |   19|   0|   64|         45|
    |zext_ln14_36_reg_14961   |   19|   0|   64|         45|
    |zext_ln14_370_reg_18319  |   19|   0|   64|         45|
    |zext_ln14_371_reg_18329  |   19|   0|   64|         45|
    |zext_ln14_372_reg_18339  |   19|   0|   64|         45|
    |zext_ln14_373_reg_18349  |   19|   0|   64|         45|
    |zext_ln14_374_reg_18359  |   19|   0|   64|         45|
    |zext_ln14_375_reg_18369  |   19|   0|   64|         45|
    |zext_ln14_376_reg_18379  |   19|   0|   64|         45|
    |zext_ln14_377_reg_18389  |   19|   0|   64|         45|
    |zext_ln14_378_reg_18399  |   19|   0|   64|         45|
    |zext_ln14_379_reg_18409  |   19|   0|   64|         45|
    |zext_ln14_37_reg_14971   |   19|   0|   64|         45|
    |zext_ln14_380_reg_18419  |   19|   0|   64|         45|
    |zext_ln14_381_reg_18429  |   19|   0|   64|         45|
    |zext_ln14_382_reg_18439  |   19|   0|   64|         45|
    |zext_ln14_383_reg_18449  |   19|   0|   64|         45|
    |zext_ln14_384_reg_18459  |   19|   0|   64|         45|
    |zext_ln14_385_reg_18469  |   19|   0|   64|         45|
    |zext_ln14_386_reg_18479  |   19|   0|   64|         45|
    |zext_ln14_387_reg_18489  |   19|   0|   64|         45|
    |zext_ln14_388_reg_18499  |   19|   0|   64|         45|
    |zext_ln14_389_reg_18509  |   19|   0|   64|         45|
    |zext_ln14_38_reg_14981   |   19|   0|   64|         45|
    |zext_ln14_390_reg_18519  |   19|   0|   64|         45|
    |zext_ln14_391_reg_18529  |   19|   0|   64|         45|
    |zext_ln14_392_reg_18539  |   19|   0|   64|         45|
    |zext_ln14_393_reg_18549  |   19|   0|   64|         45|
    |zext_ln14_394_reg_18559  |   19|   0|   64|         45|
    |zext_ln14_395_reg_18569  |   19|   0|   64|         45|
    |zext_ln14_396_reg_18579  |   19|   0|   64|         45|
    |zext_ln14_397_reg_18589  |   19|   0|   64|         45|
    |zext_ln14_398_reg_18599  |   19|   0|   64|         45|
    |zext_ln14_399_reg_18609  |   19|   0|   64|         45|
    |zext_ln14_39_reg_14991   |   19|   0|   64|         45|
    |zext_ln14_3_reg_14631    |   19|   0|   64|         45|
    |zext_ln14_400_reg_18619  |   19|   0|   64|         45|
    |zext_ln14_401_reg_18629  |   19|   0|   64|         45|
    |zext_ln14_402_reg_18639  |   19|   0|   64|         45|
    |zext_ln14_403_reg_18649  |   19|   0|   64|         45|
    |zext_ln14_404_reg_18659  |   19|   0|   64|         45|
    |zext_ln14_405_reg_18669  |   19|   0|   64|         45|
    |zext_ln14_406_reg_18679  |   19|   0|   64|         45|
    |zext_ln14_407_reg_18689  |   19|   0|   64|         45|
    |zext_ln14_408_reg_18699  |   19|   0|   64|         45|
    |zext_ln14_409_reg_18709  |   19|   0|   64|         45|
    |zext_ln14_40_reg_15001   |   19|   0|   64|         45|
    |zext_ln14_410_reg_18719  |   19|   0|   64|         45|
    |zext_ln14_411_reg_18729  |   19|   0|   64|         45|
    |zext_ln14_412_reg_18739  |   19|   0|   64|         45|
    |zext_ln14_413_reg_18749  |   19|   0|   64|         45|
    |zext_ln14_414_reg_18759  |   19|   0|   64|         45|
    |zext_ln14_415_reg_18769  |   19|   0|   64|         45|
    |zext_ln14_416_reg_18779  |   19|   0|   64|         45|
    |zext_ln14_417_reg_18789  |   19|   0|   64|         45|
    |zext_ln14_418_reg_18799  |   19|   0|   64|         45|
    |zext_ln14_419_reg_18809  |   19|   0|   64|         45|
    |zext_ln14_41_reg_15011   |   19|   0|   64|         45|
    |zext_ln14_420_reg_18819  |   19|   0|   64|         45|
    |zext_ln14_421_reg_18829  |   19|   0|   64|         45|
    |zext_ln14_422_reg_18839  |   19|   0|   64|         45|
    |zext_ln14_423_reg_18849  |   19|   0|   64|         45|
    |zext_ln14_424_reg_18859  |   19|   0|   64|         45|
    |zext_ln14_425_reg_18869  |   19|   0|   64|         45|
    |zext_ln14_426_reg_18879  |   19|   0|   64|         45|
    |zext_ln14_427_reg_18889  |   19|   0|   64|         45|
    |zext_ln14_428_reg_18899  |   19|   0|   64|         45|
    |zext_ln14_429_reg_18909  |   19|   0|   64|         45|
    |zext_ln14_42_reg_15021   |   19|   0|   64|         45|
    |zext_ln14_430_reg_18919  |   19|   0|   64|         45|
    |zext_ln14_431_reg_18929  |   19|   0|   64|         45|
    |zext_ln14_432_reg_18939  |   19|   0|   64|         45|
    |zext_ln14_433_reg_18949  |   19|   0|   64|         45|
    |zext_ln14_434_reg_18959  |   19|   0|   64|         45|
    |zext_ln14_435_reg_18969  |   19|   0|   64|         45|
    |zext_ln14_436_reg_18979  |   19|   0|   64|         45|
    |zext_ln14_437_reg_18989  |   19|   0|   64|         45|
    |zext_ln14_438_reg_18999  |   19|   0|   64|         45|
    |zext_ln14_439_reg_19009  |   19|   0|   64|         45|
    |zext_ln14_43_reg_15031   |   19|   0|   64|         45|
    |zext_ln14_440_reg_19019  |   19|   0|   64|         45|
    |zext_ln14_441_reg_19029  |   19|   0|   64|         45|
    |zext_ln14_442_reg_19039  |   19|   0|   64|         45|
    |zext_ln14_443_reg_19049  |   19|   0|   64|         45|
    |zext_ln14_444_reg_19059  |   19|   0|   64|         45|
    |zext_ln14_445_reg_19069  |   19|   0|   64|         45|
    |zext_ln14_446_reg_19079  |   19|   0|   64|         45|
    |zext_ln14_447_reg_19089  |   19|   0|   64|         45|
    |zext_ln14_448_reg_19099  |   19|   0|   64|         45|
    |zext_ln14_449_reg_19109  |   19|   0|   64|         45|
    |zext_ln14_44_reg_15041   |   19|   0|   64|         45|
    |zext_ln14_450_reg_19119  |   19|   0|   64|         45|
    |zext_ln14_451_reg_19129  |   19|   0|   64|         45|
    |zext_ln14_452_reg_19139  |   19|   0|   64|         45|
    |zext_ln14_453_reg_19149  |   19|   0|   64|         45|
    |zext_ln14_454_reg_19159  |   19|   0|   64|         45|
    |zext_ln14_455_reg_19169  |   19|   0|   64|         45|
    |zext_ln14_456_reg_19179  |   19|   0|   64|         45|
    |zext_ln14_457_reg_19189  |   19|   0|   64|         45|
    |zext_ln14_458_reg_19199  |   19|   0|   64|         45|
    |zext_ln14_459_reg_19209  |   19|   0|   64|         45|
    |zext_ln14_45_reg_15051   |   19|   0|   64|         45|
    |zext_ln14_460_reg_19219  |   19|   0|   64|         45|
    |zext_ln14_461_reg_19229  |   19|   0|   64|         45|
    |zext_ln14_462_reg_19239  |   19|   0|   64|         45|
    |zext_ln14_463_reg_19249  |   19|   0|   64|         45|
    |zext_ln14_464_reg_19259  |   19|   0|   64|         45|
    |zext_ln14_465_reg_19269  |   19|   0|   64|         45|
    |zext_ln14_466_reg_19279  |   19|   0|   64|         45|
    |zext_ln14_467_reg_19289  |   19|   0|   64|         45|
    |zext_ln14_468_reg_19299  |   19|   0|   64|         45|
    |zext_ln14_469_reg_19309  |   19|   0|   64|         45|
    |zext_ln14_46_reg_15061   |   19|   0|   64|         45|
    |zext_ln14_470_reg_19319  |   19|   0|   64|         45|
    |zext_ln14_471_reg_19329  |   19|   0|   64|         45|
    |zext_ln14_472_reg_19339  |   19|   0|   64|         45|
    |zext_ln14_473_reg_19349  |   19|   0|   64|         45|
    |zext_ln14_474_reg_19359  |   19|   0|   64|         45|
    |zext_ln14_475_reg_19369  |   19|   0|   64|         45|
    |zext_ln14_476_reg_19379  |   19|   0|   64|         45|
    |zext_ln14_477_reg_19389  |   19|   0|   64|         45|
    |zext_ln14_478_reg_19399  |   19|   0|   64|         45|
    |zext_ln14_479_reg_19409  |   19|   0|   64|         45|
    |zext_ln14_47_reg_15071   |   19|   0|   64|         45|
    |zext_ln14_480_reg_19419  |   19|   0|   64|         45|
    |zext_ln14_481_reg_19429  |   19|   0|   64|         45|
    |zext_ln14_482_reg_19439  |   19|   0|   64|         45|
    |zext_ln14_483_reg_19449  |   19|   0|   64|         45|
    |zext_ln14_484_reg_19459  |   19|   0|   64|         45|
    |zext_ln14_485_reg_19469  |   19|   0|   64|         45|
    |zext_ln14_486_reg_19479  |   19|   0|   64|         45|
    |zext_ln14_487_reg_19489  |   19|   0|   64|         45|
    |zext_ln14_488_reg_19499  |   19|   0|   64|         45|
    |zext_ln14_489_reg_19509  |   19|   0|   64|         45|
    |zext_ln14_48_reg_15081   |   19|   0|   64|         45|
    |zext_ln14_490_reg_19519  |   19|   0|   64|         45|
    |zext_ln14_491_reg_19529  |   19|   0|   64|         45|
    |zext_ln14_492_reg_19539  |   19|   0|   64|         45|
    |zext_ln14_493_reg_19549  |   19|   0|   64|         45|
    |zext_ln14_494_reg_19559  |   19|   0|   64|         45|
    |zext_ln14_495_reg_19569  |   19|   0|   64|         45|
    |zext_ln14_496_reg_19579  |   19|   0|   64|         45|
    |zext_ln14_497_reg_19589  |   19|   0|   64|         45|
    |zext_ln14_49_reg_15091   |   19|   0|   64|         45|
    |zext_ln14_4_reg_14641    |   19|   0|   64|         45|
    |zext_ln14_50_reg_15101   |   19|   0|   64|         45|
    |zext_ln14_51_reg_15111   |   19|   0|   64|         45|
    |zext_ln14_52_reg_15121   |   19|   0|   64|         45|
    |zext_ln14_53_reg_15131   |   19|   0|   64|         45|
    |zext_ln14_54_reg_15141   |   19|   0|   64|         45|
    |zext_ln14_55_reg_15151   |   19|   0|   64|         45|
    |zext_ln14_56_reg_15161   |   19|   0|   64|         45|
    |zext_ln14_57_reg_15171   |   19|   0|   64|         45|
    |zext_ln14_58_reg_15181   |   19|   0|   64|         45|
    |zext_ln14_59_reg_15191   |   19|   0|   64|         45|
    |zext_ln14_5_reg_14651    |   19|   0|   64|         45|
    |zext_ln14_60_reg_15201   |   19|   0|   64|         45|
    |zext_ln14_61_reg_15211   |   19|   0|   64|         45|
    |zext_ln14_62_reg_15221   |   19|   0|   64|         45|
    |zext_ln14_63_reg_15231   |   19|   0|   64|         45|
    |zext_ln14_64_reg_15241   |   19|   0|   64|         45|
    |zext_ln14_65_reg_15251   |   19|   0|   64|         45|
    |zext_ln14_66_reg_15261   |   19|   0|   64|         45|
    |zext_ln14_67_reg_15271   |   19|   0|   64|         45|
    |zext_ln14_68_reg_15281   |   19|   0|   64|         45|
    |zext_ln14_69_reg_15291   |   19|   0|   64|         45|
    |zext_ln14_6_reg_14661    |   19|   0|   64|         45|
    |zext_ln14_70_reg_15301   |   19|   0|   64|         45|
    |zext_ln14_71_reg_15311   |   19|   0|   64|         45|
    |zext_ln14_72_reg_15321   |   19|   0|   64|         45|
    |zext_ln14_73_reg_15331   |   19|   0|   64|         45|
    |zext_ln14_74_reg_15341   |   19|   0|   64|         45|
    |zext_ln14_75_reg_15351   |   19|   0|   64|         45|
    |zext_ln14_76_reg_15361   |   19|   0|   64|         45|
    |zext_ln14_77_reg_15371   |   19|   0|   64|         45|
    |zext_ln14_78_reg_15381   |   19|   0|   64|         45|
    |zext_ln14_79_reg_15391   |   19|   0|   64|         45|
    |zext_ln14_7_reg_14671    |   19|   0|   64|         45|
    |zext_ln14_80_reg_15401   |   19|   0|   64|         45|
    |zext_ln14_81_reg_15411   |   19|   0|   64|         45|
    |zext_ln14_82_reg_15421   |   19|   0|   64|         45|
    |zext_ln14_83_reg_15431   |   19|   0|   64|         45|
    |zext_ln14_84_reg_15441   |   19|   0|   64|         45|
    |zext_ln14_85_reg_15451   |   19|   0|   64|         45|
    |zext_ln14_86_reg_15461   |   19|   0|   64|         45|
    |zext_ln14_87_reg_15471   |   19|   0|   64|         45|
    |zext_ln14_88_reg_15481   |   19|   0|   64|         45|
    |zext_ln14_89_reg_15491   |   19|   0|   64|         45|
    |zext_ln14_8_reg_14681    |   19|   0|   64|         45|
    |zext_ln14_90_reg_15501   |   19|   0|   64|         45|
    |zext_ln14_91_reg_15511   |   19|   0|   64|         45|
    |zext_ln14_92_reg_15521   |   19|   0|   64|         45|
    |zext_ln14_93_reg_15531   |   19|   0|   64|         45|
    |zext_ln14_94_reg_15541   |   19|   0|   64|         45|
    |zext_ln14_95_reg_15551   |   19|   0|   64|         45|
    |zext_ln14_96_reg_15561   |   19|   0|   64|         45|
    |zext_ln14_97_reg_15571   |   19|   0|   64|         45|
    |zext_ln14_98_reg_15581   |   19|   0|   64|         45|
    |zext_ln14_99_reg_15591   |   19|   0|   64|         45|
    |zext_ln14_9_reg_14691    |   19|   0|   64|         45|
    |zext_ln14_reg_14601      |   18|   0|   64|         46|
    +-------------------------+-----+----+-----+-----------+
    |Total                    |10036|   0|32540|      22504|
    +-------------------------+-----+----+-----+-----------+



================================================================
== Interface
================================================================
* Summary: 
+-----------------------+-----+-----+------------+--------------+--------------+
|       RTL Ports       | Dir | Bits|  Protocol  | Source Object|    C Type    |
+-----------------------+-----+-----+------------+--------------+--------------+
|s_axi_AXI_CPU_AWVALID  |   in|    1|       s_axi|       AXI_CPU|         array|
|s_axi_AXI_CPU_AWREADY  |  out|    1|       s_axi|       AXI_CPU|         array|
|s_axi_AXI_CPU_AWADDR   |   in|   21|       s_axi|       AXI_CPU|         array|
|s_axi_AXI_CPU_WVALID   |   in|    1|       s_axi|       AXI_CPU|         array|
|s_axi_AXI_CPU_WREADY   |  out|    1|       s_axi|       AXI_CPU|         array|
|s_axi_AXI_CPU_WDATA    |   in|   32|       s_axi|       AXI_CPU|         array|
|s_axi_AXI_CPU_WSTRB    |   in|    4|       s_axi|       AXI_CPU|         array|
|s_axi_AXI_CPU_ARVALID  |   in|    1|       s_axi|       AXI_CPU|         array|
|s_axi_AXI_CPU_ARREADY  |  out|    1|       s_axi|       AXI_CPU|         array|
|s_axi_AXI_CPU_ARADDR   |   in|   21|       s_axi|       AXI_CPU|         array|
|s_axi_AXI_CPU_RVALID   |  out|    1|       s_axi|       AXI_CPU|         array|
|s_axi_AXI_CPU_RREADY   |   in|    1|       s_axi|       AXI_CPU|         array|
|s_axi_AXI_CPU_RDATA    |  out|   32|       s_axi|       AXI_CPU|         array|
|s_axi_AXI_CPU_RRESP    |  out|    2|       s_axi|       AXI_CPU|         array|
|s_axi_AXI_CPU_BVALID   |  out|    1|       s_axi|       AXI_CPU|         array|
|s_axi_AXI_CPU_BREADY   |   in|    1|       s_axi|       AXI_CPU|         array|
|s_axi_AXI_CPU_BRESP    |  out|    2|       s_axi|       AXI_CPU|         array|
|ap_clk                 |   in|    1|  ap_ctrl_hs|      inverter|  return value|
|ap_rst_n               |   in|    1|  ap_ctrl_hs|      inverter|  return value|
|interrupt              |  out|    1|  ap_ctrl_hs|      inverter|  return value|
+-----------------------+-----+-----+------------+--------------+--------------+

